\BOOKMARK [1][-]{section.1}{\376\377\176\352\213\272}{}% 1
\BOOKMARK [2][-]{subsection.1.1}{\376\377\170\024\172\166\200\314\146\157\116\016\141\017\116\111}{section.1}% 2
\BOOKMARK [2][-]{subsection.1.2}{\376\377\126\375\121\205\131\026\170\024\172\166\163\260\162\266}{section.1}% 3
\BOOKMARK [2][-]{subsection.1.3}{\376\377\170\024\172\166\121\205\133\271\116\016\213\272\145\207\176\323\147\204}{section.1}% 4
\BOOKMARK [1][-]{section.2}{\376\377\227\000\154\102\122\006\147\220}{}% 5
\BOOKMARK [2][-]{subsection.2.1}{\376\377\174\373\176\337\166\356\150\007\116\016\136\372\213\276\203\003\126\364}{section.2}% 6
\BOOKMARK [2][-]{subsection.2.2}{\376\377\165\050\142\067\211\322\202\162\122\006\147\220}{section.2}% 7
\BOOKMARK [2][-]{subsection.2.3}{\376\377\165\050\142\067\172\357\122\237\200\375\227\000\154\102\122\006\147\220}{section.2}% 8
\BOOKMARK [2][-]{subsection.2.4}{\376\377\173\241\164\006\124\130\172\357\122\237\200\375\227\000\154\102\122\006\147\220}{section.2}% 9
\BOOKMARK [2][-]{subsection.2.5}{\376\377\116\032\122\241\211\304\122\031\227\000\154\102\122\006\147\220}{section.2}% 10
\BOOKMARK [2][-]{subsection.2.6}{\376\377\227\136\122\237\200\375\227\000\154\102\122\006\147\220}{section.2}% 11
\BOOKMARK [2][-]{subsection.2.7}{\376\377\147\054\172\340\134\017\176\323}{section.2}% 12
\BOOKMARK [1][-]{section.3}{\376\377\227\000\154\102\122\006\147\220}{}% 13
\BOOKMARK [2][-]{subsection.3.1}{\376\377\165\050\142\067\211\322\202\162\116\016\174\373\176\337\217\271\165\114}{section.3}% 14
\BOOKMARK [2][-]{subsection.3.2}{\376\377\165\050\142\067\172\357\122\237\200\375\227\000\154\102}{section.3}% 15
\BOOKMARK [2][-]{subsection.3.3}{\376\377\173\241\164\006\124\130\172\357\122\237\200\375\227\000\154\102}{section.3}% 16
\BOOKMARK [2][-]{subsection.3.4}{\376\377\227\136\122\237\200\375\140\047\227\000\154\102}{section.3}% 17
\BOOKMARK [1][-]{section.4}{\376\377\174\373\176\337\213\276\213\241}{}% 18
\BOOKMARK [2][-]{subsection.4.1}{\376\377\145\164\117\123\147\266\147\204\213\276\213\241}{section.4}% 19
\BOOKMARK [2][-]{subsection.4.2}{\376\377\122\115\172\357\147\266\147\204\213\276\213\241}{section.4}% 20
\BOOKMARK [2][-]{subsection.4.3}{\376\377\124\016\172\357\147\266\147\204\213\276\213\241}{section.4}% 21
\BOOKMARK [2][-]{subsection.4.4}{\376\377\145\160\143\156\136\223\213\276\213\241}{section.4}% 22
\BOOKMARK [2][-]{subsection.4.5}{\376\377\174\373\176\337\230\165\227\142\176\323\147\204\116\016\116\032\122\241\155\101\172\013}{section.4}% 23
\BOOKMARK [1][-]{section.5}{\376\377\174\373\176\337\133\236\163\260}{}% 24
\BOOKMARK [2][-]{subsection.5.1}{\376\377\165\050\142\067\172\357\165\114\227\142\133\236\163\260}{section.5}% 25
\BOOKMARK [3][-]{subsubsection.5.1.1}{\376\377\231\226\230\165}{subsection.5.1}% 26
\BOOKMARK [3][-]{subsubsection.5.1.2}{\376\377\126\376\116\146\122\027\210\150\116\016\150\300\175\042}{subsection.5.1}% 27
\BOOKMARK [3][-]{subsubsection.5.1.3}{\376\377\126\376\116\146\213\346\140\305}{subsection.5.1}% 28
\BOOKMARK [3][-]{subsubsection.5.1.4}{\376\377\215\055\162\151\217\146\116\016\176\323\173\227}{subsection.5.1}% 29
\BOOKMARK [3][-]{subsubsection.5.1.5}{\376\377\213\242\123\125\147\345\213\342\116\016\116\052\116\272\116\055\137\303}{subsection.5.1}% 30
\BOOKMARK [2][-]{subsection.5.2}{\376\377\173\241\164\006\124\130\172\357\165\114\227\142\133\236\163\260}{section.5}% 31
\BOOKMARK [3][-]{subsubsection.5.2.1}{\376\377\173\241\164\006\124\016\123\360\231\226\230\165}{subsection.5.2}% 32
\BOOKMARK [3][-]{subsubsection.5.2.2}{\376\377\116\146\174\115\116\016\122\006\174\173\173\241\164\006}{subsection.5.2}% 33
\BOOKMARK [3][-]{subsubsection.5.2.3}{\376\377\213\242\123\125\173\241\164\006}{subsection.5.2}% 34
\BOOKMARK [2][-]{subsection.5.3}{\376\377\121\163\225\056\142\200\147\057\133\236\163\260}{section.5}% 35
\BOOKMARK [3][-]{subsubsection.5.3.1}{\376\377\000t\000R\000P\000C\172\357\122\060\172\357\174\173\127\213\133\211\121\150}{subsection.5.3}% 36
\BOOKMARK [3][-]{subsubsection.5.3.2}{\376\377\116\213\122\241\116\000\201\364\140\047\117\335\226\234}{subsection.5.3}% 37
\BOOKMARK [1][-]{section.6}{\376\377\174\373\176\337\155\113\213\325}{}% 38
\BOOKMARK [2][-]{subsection.6.1}{\376\377\155\113\213\325\163\257\130\203}{section.6}% 39
\BOOKMARK [2][-]{subsection.6.2}{\376\377\122\237\200\375\155\113\213\325}{section.6}% 40
\BOOKMARK [2][-]{subsection.6.3}{\376\377\140\047\200\375\155\113\213\325}{section.6}% 41
\BOOKMARK [2][-]{subsection.6.4}{\376\377\133\211\121\150\140\047\155\113\213\325}{section.6}% 42
\BOOKMARK [2][-]{subsection.6.5}{\376\377\174\173\127\213\133\211\121\150\232\214\213\301}{section.6}% 43
\BOOKMARK [1][-]{section.7}{\376\377\140\073\176\323\116\016\134\125\147\033}{}% 44
\BOOKMARK [2][-]{subsection.7.1}{\376\377\135\345\117\134\140\073\176\323}{section.7}% 45
\BOOKMARK [2][-]{subsection.7.2}{\376\377\116\015\215\263\116\016\134\125\147\033}{section.7}% 46
